2025-09-26 16:58:12,255 - INFO - Unknown skill detected: 'sql'
2025-09-26 16:58:12,256 - INFO - Unknown skill detected: 'sql'
2025-09-26 16:58:12,256 - INFO - Unknown skill detected: 'java'
2025-09-26 16:58:12,256 - INFO - Unknown skill detected: 'java'
2025-09-26 16:58:17,770 - INFO - Unknown skill detected: 'java'
2025-09-26 16:58:17,770 - INFO - Unknown skill detected: 'java'
2025-09-26 16:58:17,772 - INFO - Unknown skill detected: 'spring boot'
2025-09-26 16:58:17,772 - INFO - Unknown skill detected: 'spring boot'
2025-09-26 16:58:18,113 - INFO - Unknown skill detected: 'java'
2025-09-26 16:58:18,114 - INFO - Unknown skill detected: 'java'
2025-09-26 16:58:18,114 - INFO - Unknown skill detected: 'sql'
2025-09-26 16:58:18,114 - INFO - Unknown skill detected: 'sql'
2025-09-26 16:58:18,115 - INFO - Unknown skill detected: 'cloud'
2025-09-26 16:58:18,115 - INFO - Unknown skill detected: 'cloud'
2025-09-26 16:58:18,117 - INFO - Unknown skill detected: 'requires 5+ years with java'
2025-09-26 16:58:18,117 - INFO - Unknown skill detected: 'a minimum of 3 yrs experience with sql'
2025-09-26 16:58:18,117 - INFO - Unknown skill detected: '2'
2025-09-26 16:58:18,117 - INFO - Unknown skill detected: 'java'
2025-09-26 16:58:18,117 - INFO - Unknown skill detected: 'sql'
2025-09-26 16:58:18,118 - INFO - Unknown skill detected: 'cloud'
2025-09-26 16:58:18,118 - INFO - Unknown skill detected: 'unknown'
2025-09-26 16:58:18,495 - INFO - Unknown skill detected: 'project management'
2025-09-26 16:58:18,495 - INFO - Unknown skill detected: 'project management'
2025-09-26 16:58:18,495 - INFO - Unknown skill detected: 'project management'
2025-09-26 16:58:18,495 - INFO - Unknown skill detected: 'unknown'
2025-09-26 16:58:18,495 - INFO - Unknown skill detected: 'unknown'
2025-09-26 16:58:18,703 - INFO - Unknown skill detected: 'pandas'
2025-09-26 16:58:18,703 - INFO - Unknown skill detected: 'pandas'
2025-09-26 16:58:18,704 - INFO - Unknown skill detected: 'sql'
2025-09-26 16:58:18,704 - INFO - Unknown skill detected: 'sql'
2025-09-26 16:58:18,704 - INFO - Unknown skill detected: 'tableau'
2025-09-26 16:58:18,704 - INFO - Unknown skill detected: 'tableau'
2025-09-26 16:58:18,705 - INFO - Unknown skill detected: 'sql also skilled in tableau and powerbi'
2025-09-26 16:58:18,705 - INFO - Unknown skill detected: 'unknown'
2025-09-26 17:39:22,094 - INFO - Unknown skill detected: 'sql'
2025-09-26 17:39:22,094 - INFO - Unknown skill detected: 'sql'
2025-09-26 17:39:22,094 - INFO - Unknown skill detected: 'java'
2025-09-26 17:39:22,095 - INFO - Unknown skill detected: 'java'
2025-09-26 17:39:26,983 - INFO - Unknown skill detected: 'java'
2025-09-26 17:39:26,983 - INFO - Unknown skill detected: 'java'
2025-09-26 17:39:26,983 - INFO - Unknown skill detected: 'spring boot'
2025-09-26 17:39:26,983 - INFO - Unknown skill detected: 'spring boot'
2025-09-26 17:39:27,256 - INFO - Unknown skill detected: 'java'
2025-09-26 17:39:27,257 - INFO - Unknown skill detected: 'java'
2025-09-26 17:39:27,257 - INFO - Unknown skill detected: 'sql'
2025-09-26 17:39:27,257 - INFO - Unknown skill detected: 'sql'
2025-09-26 17:39:27,257 - INFO - Unknown skill detected: 'cloud'
2025-09-26 17:39:27,257 - INFO - Unknown skill detected: 'cloud'
2025-09-26 17:39:27,258 - INFO - Unknown skill detected: 'requires 5+ years with java'
2025-09-26 17:39:27,258 - INFO - Unknown skill detected: 'a minimum of 3 yrs experience with sql'
2025-09-26 17:39:27,259 - INFO - Unknown skill detected: '2'
2025-09-26 17:39:27,259 - INFO - Unknown skill detected: 'java'
2025-09-26 17:39:27,259 - INFO - Unknown skill detected: 'sql'
2025-09-26 17:39:27,259 - INFO - Unknown skill detected: 'cloud'
2025-09-26 17:39:27,261 - INFO - Unknown skill detected: 'unknown'
2025-09-26 17:39:27,569 - INFO - Unknown skill detected: 'project management'
2025-09-26 17:39:27,569 - INFO - Unknown skill detected: 'project management'
2025-09-26 17:39:27,569 - INFO - Unknown skill detected: 'project management'
2025-09-26 17:39:27,570 - INFO - Unknown skill detected: 'unknown'
2025-09-26 17:39:27,570 - INFO - Unknown skill detected: 'unknown'
2025-09-26 17:39:27,735 - INFO - Unknown skill detected: 'pandas'
2025-09-26 17:39:27,735 - INFO - Unknown skill detected: 'pandas'
2025-09-26 17:39:27,735 - INFO - Unknown skill detected: 'sql'
2025-09-26 17:39:27,735 - INFO - Unknown skill detected: 'sql'
2025-09-26 17:39:27,736 - INFO - Unknown skill detected: 'tableau'
2025-09-26 17:39:27,736 - INFO - Unknown skill detected: 'tableau'
2025-09-26 17:39:27,736 - INFO - Unknown skill detected: 'sql also skilled in tableau and powerbi'
2025-09-26 17:39:27,736 - INFO - Unknown skill detected: 'unknown'
2025-09-26 17:41:46,089 - INFO - Unknown skill detected: 'cloud'
2025-09-26 17:41:46,089 - INFO - Unknown skill detected: 'cloud'
2025-09-26 17:41:46,090 - INFO - Unknown skill detected: '2'
2025-09-26 17:41:46,090 - INFO - Unknown skill detected: 'cloud'
2025-09-26 17:41:46,090 - INFO - Unknown skill detected: 'unknown'
2025-09-26 17:41:46,435 - INFO - Unknown skill detected: 'unknown'
2025-09-26 17:41:46,436 - INFO - Unknown skill detected: 'unknown'
2025-09-26 17:41:46,640 - INFO - Unknown skill detected: 'unknown'
2025-09-26 17:45:33,772 - INFO - Unknown skill detected: 'cicd'
2025-09-26 17:45:33,772 - INFO - Unknown skill detected: 'cicd'
2025-09-26 17:45:33,772 - INFO - Unknown skill detected: 'uiux'
2025-09-26 17:45:33,773 - INFO - Unknown skill detected: 'uiux'
2025-09-26 17:45:33,773 - INFO - Unknown skill detected: 'cicd'
2025-09-26 17:45:33,773 - INFO - Unknown skill detected: 'uiux design'
2025-09-26 17:45:34,153 - INFO - Unknown skill detected: '2'
2025-09-26 18:19:30,606 - INFO - Unknown skill detected: 'net'
2025-09-26 18:23:47,171 - INFO - Unknown skill detected: 'net'
2025-09-26 18:26:18,603 - INFO - Unknown skill detected: 'unknown'
2025-09-26 18:26:18,603 - INFO - Unknown skill detected: 'unknown'
2025-09-26 18:26:18,603 - INFO - Unknown skill detected: 'unknown'
2025-09-26 18:26:18,603 - INFO - Unknown skill detected: 'unknown'
2025-09-26 18:26:18,603 - INFO - Unknown skill detected: 'unknown'
2025-09-26 19:48:41,539 - INFO - Unknown skill detected: 'unknown'
2025-09-26 19:48:41,540 - INFO - Unknown skill detected: 'unknown'
2025-09-26 19:48:41,540 - INFO - Unknown skill detected: 'unknown'
2025-09-26 19:48:41,540 - INFO - Unknown skill detected: 'unknown'
2025-09-26 19:48:41,540 - INFO - Unknown skill detected: 'unknown'
2025-10-01 15:08:42,417 - INFO - Unknown skill detected: 'unknown'
2025-10-01 15:08:42,418 - INFO - Unknown skill detected: 'unknown'
2025-10-01 15:08:42,418 - INFO - Unknown skill detected: 'unknown'
2025-10-01 15:08:42,418 - INFO - Unknown skill detected: 'unknown'
2025-10-01 15:08:42,418 - INFO - Unknown skill detected: 'unknown'
2025-10-02 08:08:47,030 - INFO - Unknown skill detected: 'unknown'
2025-10-02 08:08:47,031 - INFO - Unknown skill detected: 'unknown'
2025-10-02 08:08:47,031 - INFO - Unknown skill detected: 'unknown'
2025-10-02 08:08:47,031 - INFO - Unknown skill detected: 'unknown'
2025-10-02 08:08:47,031 - INFO - Unknown skill detected: 'unknown'
2025-10-02 08:15:35,590 - INFO - Unknown skill detected: 'unknown'
2025-10-02 08:15:35,591 - INFO - Unknown skill detected: 'unknown'
2025-10-02 08:15:35,591 - INFO - Unknown skill detected: 'unknown'
2025-10-02 08:15:35,591 - INFO - Unknown skill detected: 'unknown'
2025-10-02 08:15:35,591 - INFO - Unknown skill detected: 'unknown'
2025-10-02 16:59:04,032 - INFO - Unknown skill detected: 'unknown'
2025-10-02 16:59:04,032 - INFO - Unknown skill detected: 'unknown'
2025-10-02 16:59:04,033 - INFO - Unknown skill detected: 'unknown'
2025-10-02 16:59:04,033 - INFO - Unknown skill detected: 'unknown'
2025-10-02 16:59:04,033 - INFO - Unknown skill detected: 'unknown'
2025-10-02 17:34:19,539 - INFO - Unknown skill detected: 'unknown'
2025-10-02 17:34:19,539 - INFO - Unknown skill detected: 'unknown'
2025-10-02 17:34:19,539 - INFO - Unknown skill detected: 'unknown'
2025-10-02 17:34:19,539 - INFO - Unknown skill detected: 'unknown'
2025-10-02 17:34:19,539 - INFO - Unknown skill detected: 'unknown'
2025-10-02 17:46:33,029 - INFO - Unknown skill detected: 'unknown'
2025-10-02 17:46:33,029 - INFO - Unknown skill detected: 'unknown'
2025-10-02 17:46:33,029 - INFO - Unknown skill detected: 'unknown'
2025-10-02 17:46:33,030 - INFO - Unknown skill detected: 'unknown'
2025-10-02 17:46:33,030 - INFO - Unknown skill detected: 'unknown'
2025-10-02 18:12:01,980 - INFO - Unknown skill detected: 'huggingface'
2025-10-02 18:12:01,981 - INFO - Unknown skill detected: 'huggingface'
